2026-08-05 21:39:50Z Completed preprocessing variants: 27/28
2026-08-05 21:40:05Z Completed preprocessing variants: 27/28
2026-08-05 21:40:20Z Completed preprocessing variants: 27/28
2026-08-05 21:40:35Z Completed preprocessing variants: 27/28
2026-08-05 21:40:50Z Completed preprocessing variants: 27/28
2026-08-05 21:41:05Z Completed preprocessing variants: 27/28
2026-08-05 21:41:20Z Completed preprocessing variants: 27/28
2026-08-05 21:41:35Z Completed preprocessing variants: 27/28
2026-08-05 21:41:50Z Completed preprocessing variants: 27/28
2026-08-05 21:42:05Z Completed preprocessing variants: 27/28
2026-08-05 21:42:20Z Completed preprocessing variants: 27/28
2026-08-05 21:42:35Z Completed preprocessing variants: 27/28
2026-08-05 21:42:50Z Completed preprocessing variants: 27/28
2026-08-05 21:43:05Z Completed preprocessing variants: 27/28
2026-08-05 21:43:20Z Completed preprocessing variants: 27/28
2026-08-05 21:43:35Z Completed preprocessing variants: 27/28
2026-08-05 21:43:51Z Completed preprocessing variants: 27/28
2026-08-05 21:44:06Z Completed preprocessing variants: 27/28
2026-08-05 21:44:21Z Completed preprocessing variants: 27/28
2026-08-05 21:44:36Z Completed preprocessing variants: 27/28
2026-08-05 21:44:51Z Completed preprocessing variants: 27/28
2026-08-05 21:45:06Z Completed preprocessing variants: 27/28
2026-08-05 21:45:21Z Completed preprocessing variants: 27/28
2026-08-05 21:45:36Z Completed preprocessing variants: 27/28
2026-08-05 21:45:51Z Completed preprocessing variants: 27/28
2026-08-05 21:46:06Z Completed preprocessing variants: 27/28
2026-08-05 21:46:21Z Completed preprocessing variants: 27/28
2026-08-05 21:46:36Z Completed preprocessing variants: 27/28
2026-08-05 21:46:51Z Completed preprocessing variants: 27/28
2026-08-05 21:47:06Z Completed preprocessing variants: 27/28
2026-08-05 21:47:21Z Completed preprocessing variants: 27/28
2026-08-05 21:47:36Z Completed preprocessing variants: 27/28
2026-08-05 21:47:51Z Completed preprocessing variants: 27/28
2026-08-05 21:48:06Z Completed preprocessing variants: 27/28
2026-08-05 21:48:22Z Completed preprocessing variants: 27/28
2026-08-05 21:48:37Z Completed preprocessing variants: 27/28
2026-08-05 21:48:52Z Completed preprocessing variants: 27/28
2026-08-05 21:49:07Z Completed preprocessing variants: 27/28
2026-08-05 21:49:22Z Completed preprocessing variants: 27/28
2026-08-05 21:49:37Z Completed preprocessing variants: 27/28
2026-08-05 21:49:52Z Completed preprocessing variants: 27/28
2026-08-05 21:50:07Z Completed preprocessing variants: 27/28
2026-08-05 21:50:22Z Completed preprocessing variants: 27/28
2026-08-05 21:50:37Z Completed preprocessing variants: 27/28
2026-08-05 21:50:52Z Completed preprocessing variants: 27/28
2026-08-05 21:51:07Z Completed preprocessing variants: 27/28
2026-08-05 21:51:22Z Completed preprocessing variants: 27/28
2026-08-05 21:51:37Z Completed preprocessing variants: 27/28
2026-08-05 21:51:52Z Completed preprocessing variants: 27/28
2026-08-05 21:52:07Z Completed preprocessing variants: 27/28
2026-08-05 21:52:22Z Completed preprocessing variants: 27/28
2026-08-05 21:52:37Z Completed preprocessing variants: 27/28
2026-08-05 21:52:53Z Completed preprocessing variants: 27/28
2026-08-05 21:53:08Z Completed preprocessing variants: 27/28
2026-08-05 21:53:23Z Completed preprocessing variants: 27/28
2026-08-05 21:53:38Z Completed preprocessing variants: 27/28
2026-08-05 21:53:53Z Completed preprocessing variants: 27/28
2026-08-05 21:54:08Z Completed preprocessing variants: 27/28
2026-08-05 21:54:23Z Completed preprocessing variants: 27/28
2026-08-05 21:54:38Z Completed preprocessing variants: 27/28
2026-08-05 21:54:53Z Completed preprocessing variants: 27/28
2026-08-05 21:55:08Z Completed preprocessing variants: 27/28
2026-08-05 21:55:23Z Completed preprocessing variants: 27/28
2026-08-05 21:55:38Z Completed preprocessing variants: 27/28
2026-08-05 21:55:53Z Completed preprocessing variants: 27/28
2026-08-05 21:56:08Z Completed preprocessing variants: 27/28
2026-08-05 21:56:23Z Completed preprocessing variants: 27/28
2026-08-05 21:56:38Z Completed preprocessing variants: 27/28
2026-08-05 21:56:53Z Completed preprocessing variants: 27/28
2026-08-05 21:57:08Z Completed preprocessing variants: 27/28
2026-08-05 21:57:23Z Completed preprocessing variants: 27/28
2026-08-05 21:57:39Z Completed preprocessing variants: 27/28
2026-08-05 21:57:54Z Completed preprocessing variants: 27/28
2026-08-05 21:58:09Z Completed preprocessing variants: 27/28
2026-08-05 21:58:24Z Completed preprocessing variants: 27/28
2026-08-05 21:58:39Z Completed preprocessing variants: 27/28
2026-08-05 21:58:54Z Completed preprocessing variants: 27/28
2026-08-05 21:59:09Z Completed preprocessing variants: 27/28
2026-08-05 21:59:24Z Completed preprocessing variants: 27/28
2026-08-05 21:59:39Z Completed preprocessing variants: 27/28
2026-08-05 21:59:54Z Completed preprocessing variants: 27/28
2026-08-05 22:00:09Z Completed preprocessing variants: 27/28
2026-08-05 22:00:24Z Completed preprocessing variants: 27/28
2026-08-05 22:00:39Z Completed preprocessing variants: 27/28
2026-08-05 22:00:54Z Completed preprocessing variants: 27/28
2026-08-05 22:01:09Z Completed preprocessing variants: 27/28
2026-08-05 22:01:24Z Completed preprocessing variants: 27/28
2026-08-05 22:01:39Z Completed preprocessing variants: 27/28
2026-08-05 22:01:54Z Completed preprocessing variants: 27/28
2026-08-05 22:02:09Z Completed preprocessing variants: 27/28
2026-08-05 22:02:25Z Completed preprocessing variants: 27/28
2026-08-05 22:02:40Z Completed preprocessing variants: 27/28
2026-08-05 22:02:55Z Completed preprocessing variants: 27/28
2026-08-05 22:03:10Z Completed preprocessing variants: 27/28
2026-08-05 22:03:25Z Completed preprocessing variants: 27/28
2026-08-05 22:03:40Z Completed preprocessing variants: 27/28
2026-08-05 22:03:55Z Completed preprocessing variants: 27/28
2026-08-05 22:04:10Z Completed preprocessing variants: 27/28
2026-08-05 22:04:25Z Completed preprocessing variants: 27/28
2026-08-05 22:04:40Z Completed preprocessing variants: 27/28
2026-08-05 22:04:55Z Completed preprocessing variants: 27/28
2026-08-05 22:05:10Z Completed preprocessing variants: 27/28
2026-08-05 22:05:25Z Completed preprocessing variants: 27/28
2026-08-05 22:05:40Z Completed preprocessing variants: 27/28
2026-08-05 22:05:55Z Completed preprocessing variants: 27/28
2026-08-05 22:06:10Z Completed preprocessing variants: 27/28
2026-08-05 22:06:25Z Completed preprocessing variants: 28/28
All preprocessing embeddings complete. Starting benchmark.

========================================================================
PREPROCESSING FACTORIAL BENCHMARK
========================================================================
Model      : SpeechBrain — ECAPA-TDNN
Classifier : StandardScaler + LogisticRegression
Variants   : 8
Samples    : 2185
Output     : C:\Users\addld\Desktop\speaker_identification_01\research_results\preprocessing_benchmark\protocols\librispeech_dev_clean_chapter_heldout_2fold__01ff6bcaaebb\speechbrain_ecapa\logistic_regression\full
========================================================================
Completed  : speechbrain_ecapa
========================================================================

========================================================================
PREPROCESSING FACTORIAL BENCHMARK
========================================================================
Model      : SpeechBrain — X-Vector
Classifier : StandardScaler + LogisticRegression
Variants   : 8
Samples    : 2185
Output     : C:\Users\addld\Desktop\speaker_identification_01\research_results\preprocessing_benchmark\protocols\librispeech_dev_clean_chapter_heldout_2fold__01ff6bcaaebb\speechbrain_xvector\logistic_regression\full
========================================================================
Completed  : speechbrain_xvector
========================================================================

========================================================================
PREPROCESSING FACTORIAL BENCHMARK
========================================================================
Model      : Microsoft — WavLM Base Plus SV
Classifier : StandardScaler + LogisticRegression
Variants   : 8
Samples    : 2185
Output     : C:\Users\addld\Desktop\speaker_identification_01\research_results\preprocessing_benchmark\protocols\librispeech_dev_clean_chapter_heldout_2fold__01ff6bcaaebb\wavlm_base_plus_sv\logistic_regression\full
========================================================================
Completed  : wavlm_base_plus_sv
========================================================================

========================================================================
PREPROCESSING FACTORIAL BENCHMARK
========================================================================
Model      : Microsoft — UniSpeech-SAT Base Plus SV
Classifier : StandardScaler + LogisticRegression
Variants   : 8
Samples    : 2185
Output     : C:\Users\addld\Desktop\speaker_identification_01\research_results\preprocessing_benchmark\protocols\librispeech_dev_clean_chapter_heldout_2fold__01ff6bcaaebb\unispeech_sat_base_plus_sv\logistic_regression\full
========================================================================
Completed  : unispeech_sat_base_plus_sv
========================================================================

Preprocessing ablation summary:
C:\Users\addld\Desktop\speaker_identification_01\research_results\preprocessing_benchmark\protocols\librispeech_dev_clean_chapter_heldout_2fold__01ff6bcaaebb\summary\logistic_regression\full
Preprocessing benchmark and summary completed successfully.
