2026-08-05 10:23:01Z Completed robustness conditions: 4/28
2026-08-05 10:23:31Z Completed robustness conditions: 4/28
2026-08-05 10:24:01Z Completed robustness conditions: 4/28
2026-08-05 10:24:32Z Completed robustness conditions: 4/28
2026-08-05 10:25:02Z Completed robustness conditions: 4/28
2026-08-05 10:25:32Z Completed robustness conditions: 4/28
2026-08-05 10:26:02Z Completed robustness conditions: 4/28
2026-08-05 10:26:32Z Completed robustness conditions: 4/28
2026-08-05 10:27:02Z Completed robustness conditions: 4/28
2026-08-05 10:27:32Z Completed robustness conditions: 4/28
2026-08-05 10:28:02Z Completed robustness conditions: 4/28
2026-08-05 10:28:32Z Completed robustness conditions: 6/28
2026-08-05 10:29:02Z Completed robustness conditions: 6/28
2026-08-05 10:29:32Z Completed robustness conditions: 6/28
2026-08-05 10:30:02Z Completed robustness conditions: 6/28
2026-08-05 10:30:32Z Completed robustness conditions: 6/28
2026-08-05 10:31:02Z Completed robustness conditions: 6/28
2026-08-05 10:31:32Z Completed robustness conditions: 6/28
2026-08-05 10:32:02Z Completed robustness conditions: 6/28
2026-08-05 10:32:32Z Completed robustness conditions: 6/28
2026-08-05 10:33:02Z Completed robustness conditions: 6/28
2026-08-05 10:33:33Z Completed robustness conditions: 6/28
2026-08-05 10:34:03Z Completed robustness conditions: 6/28
2026-08-05 10:34:33Z Completed robustness conditions: 8/28
2026-08-05 10:35:03Z Completed robustness conditions: 8/28
2026-08-05 10:35:33Z Completed robustness conditions: 8/28
2026-08-05 10:36:03Z Completed robustness conditions: 8/28
2026-08-05 10:36:33Z Completed robustness conditions: 8/28
2026-08-05 10:37:03Z Completed robustness conditions: 8/28
2026-08-05 10:37:33Z Completed robustness conditions: 8/28
2026-08-05 10:38:03Z Completed robustness conditions: 8/28
2026-08-05 10:38:33Z Completed robustness conditions: 8/28
2026-08-05 10:39:03Z Completed robustness conditions: 8/28
2026-08-05 10:39:33Z Completed robustness conditions: 8/28
2026-08-05 10:40:03Z Completed robustness conditions: 8/28
2026-08-05 10:40:33Z Completed robustness conditions: 8/28
2026-08-05 10:41:03Z Completed robustness conditions: 8/28
2026-08-05 10:41:33Z Completed robustness conditions: 8/28
2026-08-05 10:42:03Z Completed robustness conditions: 9/28
2026-08-05 10:42:33Z Completed robustness conditions: 10/28
2026-08-05 10:43:03Z Completed robustness conditions: 11/28
2026-08-05 10:43:33Z Completed robustness conditions: 12/28
2026-08-05 10:44:04Z Completed robustness conditions: 12/28
2026-08-05 10:44:34Z Completed robustness conditions: 13/28
2026-08-05 10:45:04Z Completed robustness conditions: 13/28
2026-08-05 10:45:34Z Completed robustness conditions: 14/28
2026-08-05 10:46:04Z Completed robustness conditions: 14/28
2026-08-05 10:46:34Z Completed robustness conditions: 14/28
2026-08-05 10:47:04Z Completed robustness conditions: 14/28
2026-08-05 10:47:34Z Completed robustness conditions: 15/28
2026-08-05 10:48:04Z Completed robustness conditions: 15/28
2026-08-05 10:48:34Z Completed robustness conditions: 15/28
2026-08-05 10:49:04Z Completed robustness conditions: 15/28
2026-08-05 10:49:34Z Completed robustness conditions: 16/28
2026-08-05 10:50:04Z Completed robustness conditions: 16/28
2026-08-05 10:50:34Z Completed robustness conditions: 16/28
2026-08-05 10:51:04Z Completed robustness conditions: 16/28
2026-08-05 10:51:34Z Completed robustness conditions: 17/28
2026-08-05 10:52:04Z Completed robustness conditions: 18/28
2026-08-05 10:52:34Z Completed robustness conditions: 18/28
2026-08-05 10:53:04Z Completed robustness conditions: 18/28
2026-08-05 10:53:34Z Completed robustness conditions: 18/28
2026-08-05 10:54:04Z Completed robustness conditions: 18/28
2026-08-05 10:54:34Z Completed robustness conditions: 18/28
2026-08-05 10:55:04Z Completed robustness conditions: 18/28
2026-08-05 10:55:34Z Completed robustness conditions: 18/28
2026-08-05 10:56:04Z Completed robustness conditions: 18/28
2026-08-05 10:56:35Z Completed robustness conditions: 18/28
2026-08-05 10:57:05Z Completed robustness conditions: 18/28
2026-08-05 10:57:35Z Completed robustness conditions: 18/28
2026-08-05 10:58:05Z Completed robustness conditions: 18/28
2026-08-05 10:58:35Z Completed robustness conditions: 18/28
2026-08-05 10:59:05Z Completed robustness conditions: 18/28
2026-08-05 10:59:35Z Completed robustness conditions: 18/28
2026-08-05 11:00:05Z Completed robustness conditions: 18/28
2026-08-05 11:00:35Z Completed robustness conditions: 18/28
2026-08-05 11:01:05Z Completed robustness conditions: 18/28
2026-08-05 11:01:35Z Completed robustness conditions: 18/28
2026-08-05 11:02:05Z Completed robustness conditions: 18/28
2026-08-05 11:02:35Z Completed robustness conditions: 18/28
2026-08-05 11:03:05Z Completed robustness conditions: 18/28
2026-08-05 11:03:35Z Completed robustness conditions: 18/28
2026-08-05 11:04:05Z Completed robustness conditions: 18/28
2026-08-05 11:04:35Z Completed robustness conditions: 18/28
2026-08-05 11:05:05Z Completed robustness conditions: 18/28
2026-08-05 11:05:35Z Completed robustness conditions: 18/28
2026-08-05 11:06:05Z Completed robustness conditions: 18/28
2026-08-05 11:06:35Z Completed robustness conditions: 18/28
2026-08-05 11:07:05Z Completed robustness conditions: 18/28
2026-08-05 11:07:35Z Completed robustness conditions: 18/28
2026-08-05 11:08:05Z Completed robustness conditions: 18/28
2026-08-05 11:08:35Z Completed robustness conditions: 19/28
2026-08-05 11:09:05Z Completed robustness conditions: 19/28
2026-08-05 11:09:35Z Completed robustness conditions: 19/28
2026-08-05 11:10:05Z Completed robustness conditions: 19/28
2026-08-05 11:10:36Z Completed robustness conditions: 19/28
2026-08-05 11:11:06Z Completed robustness conditions: 19/28
2026-08-05 11:11:36Z Completed robustness conditions: 19/28
2026-08-05 11:12:06Z Completed robustness conditions: 19/28
2026-08-05 11:12:36Z Completed robustness conditions: 19/28
2026-08-05 11:13:06Z Completed robustness conditions: 19/28
2026-08-05 11:13:36Z Completed robustness conditions: 19/28
2026-08-05 11:14:06Z Completed robustness conditions: 19/28
2026-08-05 11:14:36Z Completed robustness conditions: 19/28
2026-08-05 11:15:06Z Completed robustness conditions: 19/28
2026-08-05 11:15:36Z Completed robustness conditions: 19/28
2026-08-05 11:16:06Z Completed robustness conditions: 19/28
2026-08-05 11:16:36Z Completed robustness conditions: 19/28
2026-08-05 11:17:06Z Completed robustness conditions: 19/28
2026-08-05 11:17:36Z Completed robustness conditions: 19/28
2026-08-05 11:18:06Z Completed robustness conditions: 19/28
2026-08-05 11:18:36Z Completed robustness conditions: 19/28
2026-08-05 11:19:06Z Completed robustness conditions: 19/28
2026-08-05 11:19:36Z Completed robustness conditions: 19/28
2026-08-05 11:20:06Z Completed robustness conditions: 19/28
2026-08-05 11:20:36Z Completed robustness conditions: 19/28
2026-08-05 11:21:06Z Completed robustness conditions: 19/28
2026-08-05 11:21:36Z Completed robustness conditions: 19/28
2026-08-05 11:22:06Z Completed robustness conditions: 19/28
2026-08-05 11:22:36Z Completed robustness conditions: 19/28
2026-08-05 11:23:07Z Completed robustness conditions: 19/28
2026-08-05 11:23:37Z Completed robustness conditions: 19/28
2026-08-05 11:24:07Z Completed robustness conditions: 19/28
2026-08-05 11:24:37Z Completed robustness conditions: 19/28
2026-08-05 11:25:07Z Completed robustness conditions: 20/28
2026-08-05 11:25:37Z Completed robustness conditions: 20/28
2026-08-05 11:26:07Z Completed robustness conditions: 20/28
2026-08-05 11:26:37Z Completed robustness conditions: 20/28
2026-08-05 11:27:07Z Completed robustness conditions: 20/28
2026-08-05 11:27:37Z Completed robustness conditions: 20/28
2026-08-05 11:28:07Z Completed robustness conditions: 20/28
2026-08-05 11:28:37Z Completed robustness conditions: 20/28
2026-08-05 11:29:07Z Completed robustness conditions: 20/28
2026-08-05 11:29:37Z Completed robustness conditions: 20/28
2026-08-05 11:30:07Z Completed robustness conditions: 20/28
2026-08-05 11:30:37Z Completed robustness conditions: 20/28
2026-08-05 11:31:07Z Completed robustness conditions: 20/28
2026-08-05 11:31:37Z Completed robustness conditions: 20/28
2026-08-05 11:32:07Z Completed robustness conditions: 20/28
2026-08-05 11:32:37Z Completed robustness conditions: 20/28
2026-08-05 11:33:07Z Completed robustness conditions: 20/28
2026-08-05 11:33:37Z Completed robustness conditions: 20/28
2026-08-05 11:34:07Z Completed robustness conditions: 20/28
2026-08-05 11:34:37Z Completed robustness conditions: 20/28
2026-08-05 11:35:07Z Completed robustness conditions: 20/28
2026-08-05 11:35:37Z Completed robustness conditions: 20/28
2026-08-05 11:36:07Z Completed robustness conditions: 20/28
2026-08-05 11:36:37Z Completed robustness conditions: 20/28
2026-08-05 11:37:07Z Completed robustness conditions: 20/28
2026-08-05 11:37:37Z Completed robustness conditions: 20/28
2026-08-05 11:38:08Z Completed robustness conditions: 20/28
2026-08-05 11:38:38Z Completed robustness conditions: 20/28
2026-08-05 11:39:08Z Completed robustness conditions: 20/28
2026-08-05 11:39:38Z Completed robustness conditions: 20/28
2026-08-05 11:40:08Z Completed robustness conditions: 20/28
2026-08-05 11:40:38Z Completed robustness conditions: 20/28
2026-08-05 11:41:08Z Completed robustness conditions: 20/28
2026-08-05 11:41:38Z Completed robustness conditions: 21/28
2026-08-05 11:42:08Z Completed robustness conditions: 21/28
2026-08-05 11:42:38Z Completed robustness conditions: 21/28
2026-08-05 11:43:08Z Completed robustness conditions: 21/28
2026-08-05 11:43:38Z Completed robustness conditions: 21/28
2026-08-05 11:44:08Z Completed robustness conditions: 22/28
2026-08-05 11:44:38Z Completed robustness conditions: 22/28
2026-08-05 11:45:08Z Completed robustness conditions: 22/28
2026-08-05 11:45:38Z Completed robustness conditions: 22/28
2026-08-05 11:46:08Z Completed robustness conditions: 22/28
2026-08-05 11:46:38Z Completed robustness conditions: 22/28
2026-08-05 11:47:08Z Completed robustness conditions: 22/28
2026-08-05 11:47:38Z Completed robustness conditions: 23/28
2026-08-05 11:48:08Z Completed robustness conditions: 23/28
2026-08-05 11:48:38Z Completed robustness conditions: 23/28
2026-08-05 11:49:08Z Completed robustness conditions: 23/28
2026-08-05 11:49:38Z Completed robustness conditions: 23/28
2026-08-05 11:50:08Z Completed robustness conditions: 23/28
2026-08-05 11:50:38Z Completed robustness conditions: 23/28
2026-08-05 11:51:08Z Completed robustness conditions: 23/28
2026-08-05 11:51:38Z Completed robustness conditions: 23/28
2026-08-05 11:52:08Z Completed robustness conditions: 23/28
2026-08-05 11:52:38Z Completed robustness conditions: 24/28
2026-08-05 11:53:08Z Completed robustness conditions: 24/28
2026-08-05 11:53:39Z Completed robustness conditions: 24/28
2026-08-05 11:54:09Z Completed robustness conditions: 24/28
2026-08-05 11:54:39Z Completed robustness conditions: 24/28
2026-08-05 11:55:09Z Completed robustness conditions: 24/28
2026-08-05 11:55:39Z Completed robustness conditions: 24/28
2026-08-05 11:56:09Z Completed robustness conditions: 24/28
2026-08-05 11:56:39Z Completed robustness conditions: 24/28
2026-08-05 11:57:09Z Completed robustness conditions: 24/28
2026-08-05 11:57:39Z Completed robustness conditions: 24/28
2026-08-05 11:58:09Z Completed robustness conditions: 24/28
2026-08-05 11:58:39Z Completed robustness conditions: 24/28
2026-08-05 11:59:09Z Completed robustness conditions: 24/28
2026-08-05 11:59:39Z Completed robustness conditions: 25/28
2026-08-05 12:00:09Z Completed robustness conditions: 25/28
2026-08-05 12:00:39Z Completed robustness conditions: 25/28
2026-08-05 12:01:09Z Completed robustness conditions: 25/28
2026-08-05 12:01:39Z Completed robustness conditions: 25/28
2026-08-05 12:02:09Z Completed robustness conditions: 25/28
2026-08-05 12:02:39Z Completed robustness conditions: 25/28
2026-08-05 12:03:09Z Completed robustness conditions: 25/28
2026-08-05 12:03:39Z Completed robustness conditions: 25/28
2026-08-05 12:04:09Z Completed robustness conditions: 25/28
2026-08-05 12:04:39Z Completed robustness conditions: 25/28
2026-08-05 12:05:09Z Completed robustness conditions: 25/28
2026-08-05 12:05:39Z Completed robustness conditions: 25/28
2026-08-05 12:06:09Z Completed robustness conditions: 25/28
2026-08-05 12:06:40Z Completed robustness conditions: 25/28
2026-08-05 12:07:10Z Completed robustness conditions: 25/28
2026-08-05 12:07:40Z Completed robustness conditions: 25/28
2026-08-05 12:08:10Z Completed robustness conditions: 25/28
2026-08-05 12:08:40Z Completed robustness conditions: 25/28
2026-08-05 12:09:10Z Completed robustness conditions: 25/28
2026-08-05 12:09:40Z Completed robustness conditions: 25/28
2026-08-05 12:10:10Z Completed robustness conditions: 25/28
2026-08-05 12:10:40Z Completed robustness conditions: 25/28
2026-08-05 12:11:10Z Completed robustness conditions: 25/28
2026-08-05 12:11:40Z Completed robustness conditions: 25/28
2026-08-05 12:12:10Z Completed robustness conditions: 25/28
2026-08-05 12:12:40Z Completed robustness conditions: 25/28
2026-08-05 12:13:10Z Completed robustness conditions: 25/28
2026-08-05 12:13:40Z Completed robustness conditions: 25/28
2026-08-05 12:14:10Z Completed robustness conditions: 25/28
2026-08-05 12:14:40Z Completed robustness conditions: 26/28
2026-08-05 12:15:10Z Completed robustness conditions: 26/28
2026-08-05 12:15:40Z Completed robustness conditions: 26/28
2026-08-05 12:16:10Z Completed robustness conditions: 26/28
2026-08-05 12:16:40Z Completed robustness conditions: 26/28
2026-08-05 12:17:11Z Completed robustness conditions: 26/28
2026-08-05 12:17:41Z Completed robustness conditions: 26/28
2026-08-05 12:18:11Z Completed robustness conditions: 26/28
2026-08-05 12:18:41Z Completed robustness conditions: 26/28
2026-08-05 12:19:11Z Completed robustness conditions: 26/28
2026-08-05 12:19:41Z Completed robustness conditions: 26/28
2026-08-05 12:20:11Z Completed robustness conditions: 26/28
2026-08-05 12:20:41Z Completed robustness conditions: 26/28
2026-08-05 12:21:11Z Completed robustness conditions: 26/28
2026-08-05 12:21:41Z Completed robustness conditions: 26/28
2026-08-05 12:22:11Z Completed robustness conditions: 26/28
2026-08-05 12:22:41Z Completed robustness conditions: 26/28
2026-08-05 12:23:11Z Completed robustness conditions: 26/28
2026-08-05 12:23:41Z Completed robustness conditions: 26/28
2026-08-05 12:24:11Z Completed robustness conditions: 26/28
2026-08-05 12:24:41Z Completed robustness conditions: 26/28
2026-08-05 12:25:11Z Completed robustness conditions: 26/28
2026-08-05 12:25:41Z Completed robustness conditions: 26/28
2026-08-05 12:26:11Z Completed robustness conditions: 26/28
2026-08-05 12:26:41Z Completed robustness conditions: 26/28
2026-08-05 12:27:11Z Completed robustness conditions: 26/28
2026-08-05 12:27:41Z Completed robustness conditions: 26/28
2026-08-05 12:28:12Z Completed robustness conditions: 26/28
2026-08-05 12:28:42Z Completed robustness conditions: 26/28
2026-08-05 12:29:12Z Completed robustness conditions: 26/28
2026-08-05 12:29:42Z Completed robustness conditions: 26/28
2026-08-05 12:30:12Z Completed robustness conditions: 27/28
2026-08-05 12:30:42Z Completed robustness conditions: 27/28
2026-08-05 12:31:12Z Completed robustness conditions: 27/28
2026-08-05 12:31:42Z Completed robustness conditions: 27/28
2026-08-05 12:32:12Z Completed robustness conditions: 27/28
2026-08-05 12:32:42Z Completed robustness conditions: 27/28
2026-08-05 12:33:12Z Completed robustness conditions: 27/28
2026-08-05 12:33:42Z Completed robustness conditions: 27/28
2026-08-05 12:34:12Z Completed robustness conditions: 27/28
2026-08-05 12:34:42Z Completed robustness conditions: 27/28
2026-08-05 12:35:12Z Completed robustness conditions: 27/28
2026-08-05 12:35:42Z Completed robustness conditions: 27/28
2026-08-05 12:36:12Z Completed robustness conditions: 27/28
2026-08-05 12:36:42Z Completed robustness conditions: 27/28
2026-08-05 12:37:12Z Completed robustness conditions: 27/28
2026-08-05 12:37:42Z Completed robustness conditions: 27/28
2026-08-05 12:38:12Z Completed robustness conditions: 27/28
2026-08-05 12:38:42Z Completed robustness conditions: 27/28
2026-08-05 12:39:13Z Completed robustness conditions: 27/28
2026-08-05 12:39:43Z Completed robustness conditions: 27/28
2026-08-05 12:40:13Z Completed robustness conditions: 27/28
2026-08-05 12:40:43Z Completed robustness conditions: 27/28
2026-08-05 12:41:13Z Completed robustness conditions: 27/28
2026-08-05 12:41:43Z Completed robustness conditions: 27/28
2026-08-05 12:42:13Z Completed robustness conditions: 27/28
2026-08-05 12:42:43Z Completed robustness conditions: 27/28
2026-08-05 12:43:13Z Completed robustness conditions: 27/28
2026-08-05 12:43:43Z Completed robustness conditions: 27/28
2026-08-05 12:44:13Z Completed robustness conditions: 27/28
2026-08-05 12:44:43Z Completed robustness conditions: 27/28
2026-08-05 12:45:13Z Completed robustness conditions: 27/28
2026-08-05 12:45:43Z Completed robustness conditions: 28/28
All condition embeddings are complete. Starting benchmark.

========================================================================
ROBUSTNESS BENCHMARK
========================================================================
Model      : SpeechBrain — ECAPA-TDNN
Classifier : StandardScaler + LogisticRegression
Conditions : 8
Samples    : 2185
Output     : C:\Users\addld\Desktop\speaker_identification_01\research_results\robustness_benchmark\protocols\librispeech_dev_clean_chapter_heldout_2fold__01ff6bcaaebb\speechbrain_ecapa\logistic_regression\full
========================================================================
Completed  : speechbrain_ecapa
========================================================================

========================================================================
ROBUSTNESS BENCHMARK
========================================================================
Model      : SpeechBrain — X-Vector
Classifier : StandardScaler + LogisticRegression
Conditions : 8
Samples    : 2185
Output     : C:\Users\addld\Desktop\speaker_identification_01\research_results\robustness_benchmark\protocols\librispeech_dev_clean_chapter_heldout_2fold__01ff6bcaaebb\speechbrain_xvector\logistic_regression\full
========================================================================
Completed  : speechbrain_xvector
========================================================================

========================================================================
ROBUSTNESS BENCHMARK
========================================================================
Model      : Microsoft — WavLM Base Plus SV
Classifier : StandardScaler + LogisticRegression
Conditions : 8
Samples    : 2185
Output     : C:\Users\addld\Desktop\speaker_identification_01\research_results\robustness_benchmark\protocols\librispeech_dev_clean_chapter_heldout_2fold__01ff6bcaaebb\wavlm_base_plus_sv\logistic_regression\full
========================================================================
Completed  : wavlm_base_plus_sv
========================================================================

========================================================================
ROBUSTNESS BENCHMARK
========================================================================
Model      : Microsoft — UniSpeech-SAT Base Plus SV
Classifier : StandardScaler + LogisticRegression
Conditions : 8
Samples    : 2185
Output     : C:\Users\addld\Desktop\speaker_identification_01\research_results\robustness_benchmark\protocols\librispeech_dev_clean_chapter_heldout_2fold__01ff6bcaaebb\unispeech_sat_base_plus_sv\logistic_regression\full
========================================================================
Completed  : unispeech_sat_base_plus_sv
========================================================================

Robustness summary:
C:\Users\addld\Desktop\speaker_identification_01\research_results\robustness_benchmark\protocols\librispeech_dev_clean_chapter_heldout_2fold__01ff6bcaaebb\summary\logistic_regression\full
Robustness benchmark and summary completed successfully.
