
========================================================================
ROBUSTNESS EMBEDDING EXTRACTION
========================================================================
Model       : SpeechBrain — X-Vector
Condition   : short_5s
Rows        : 186
Resume from : 0
Output      : C:\Users\addld\Desktop\speaker_identification_01\research_results\robustness_embeddings\librispeech_dev_clean_chapter_heldout_balanced_subset__90bb68c4fbc1\speechbrain_xvector\short_5s\full
========================================================================
Loading SpeechBrain — X-Vector on cpu...
SpeechBrain — X-Vector loaded successfully.

========================================================================
ROBUSTNESS EXTRACTION COMPLETED
========================================================================
Successful : 186
Failed     : 0
Coverage   : 100.00%
Dimension  : 512
Artifacts  : C:\Users\addld\Desktop\speaker_identification_01\research_results\robustness_embeddings\librispeech_dev_clean_chapter_heldout_balanced_subset__90bb68c4fbc1\speechbrain_xvector\short_5s\full
========================================================================

========================================================================
ROBUSTNESS EMBEDDING EXTRACTION
========================================================================
Model       : SpeechBrain — X-Vector
Condition   : short_10s
Rows        : 186
Resume from : 0
Output      : C:\Users\addld\Desktop\speaker_identification_01\research_results\robustness_embeddings\librispeech_dev_clean_chapter_heldout_balanced_subset__90bb68c4fbc1\speechbrain_xvector\short_10s\full
========================================================================
Loading SpeechBrain — X-Vector on cpu...
SpeechBrain — X-Vector loaded successfully.

========================================================================
ROBUSTNESS EXTRACTION COMPLETED
========================================================================
Successful : 186
Failed     : 0
Coverage   : 100.00%
Dimension  : 512
Artifacts  : C:\Users\addld\Desktop\speaker_identification_01\research_results\robustness_embeddings\librispeech_dev_clean_chapter_heldout_balanced_subset__90bb68c4fbc1\speechbrain_xvector\short_10s\full
========================================================================

========================================================================
ROBUSTNESS EMBEDDING EXTRACTION
========================================================================
Model       : SpeechBrain — X-Vector
Condition   : noise_white_10db
Rows        : 186
Resume from : 0
Output      : C:\Users\addld\Desktop\speaker_identification_01\research_results\robustness_embeddings\librispeech_dev_clean_chapter_heldout_balanced_subset__90bb68c4fbc1\speechbrain_xvector\noise_white_10db\full
========================================================================
Loading SpeechBrain — X-Vector on cpu...
SpeechBrain — X-Vector loaded successfully.

========================================================================
ROBUSTNESS EXTRACTION COMPLETED
========================================================================
Successful : 186
Failed     : 0
Coverage   : 100.00%
Dimension  : 512
Artifacts  : C:\Users\addld\Desktop\speaker_identification_01\research_results\robustness_embeddings\librispeech_dev_clean_chapter_heldout_balanced_subset__90bb68c4fbc1\speechbrain_xvector\noise_white_10db\full
========================================================================

========================================================================
ROBUSTNESS EMBEDDING EXTRACTION
========================================================================
Model       : SpeechBrain — X-Vector
Condition   : noise_traffic_10db
Rows        : 186
Resume from : 0
Output      : C:\Users\addld\Desktop\speaker_identification_01\research_results\robustness_embeddings\librispeech_dev_clean_chapter_heldout_balanced_subset__90bb68c4fbc1\speechbrain_xvector\noise_traffic_10db\full
========================================================================
Loading SpeechBrain — X-Vector on cpu...
SpeechBrain — X-Vector loaded successfully.

========================================================================
ROBUSTNESS EXTRACTION COMPLETED
========================================================================
Successful : 186
Failed     : 0
Coverage   : 100.00%
Dimension  : 512
Artifacts  : C:\Users\addld\Desktop\speaker_identification_01\research_results\robustness_embeddings\librispeech_dev_clean_chapter_heldout_balanced_subset__90bb68c4fbc1\speechbrain_xvector\noise_traffic_10db\full
========================================================================

========================================================================
ROBUSTNESS EMBEDDING EXTRACTION
========================================================================
Model       : SpeechBrain — X-Vector
Condition   : noise_office_10db
Rows        : 186
Resume from : 0
Output      : C:\Users\addld\Desktop\speaker_identification_01\research_results\robustness_embeddings\librispeech_dev_clean_chapter_heldout_balanced_subset__90bb68c4fbc1\speechbrain_xvector\noise_office_10db\full
========================================================================
Loading SpeechBrain — X-Vector on cpu...
SpeechBrain — X-Vector loaded successfully.

========================================================================
ROBUSTNESS EXTRACTION COMPLETED
========================================================================
Successful : 186
Failed     : 0
Coverage   : 100.00%
Dimension  : 512
Artifacts  : C:\Users\addld\Desktop\speaker_identification_01\research_results\robustness_embeddings\librispeech_dev_clean_chapter_heldout_balanced_subset__90bb68c4fbc1\speechbrain_xvector\noise_office_10db\full
========================================================================

========================================================================
ROBUSTNESS EMBEDDING EXTRACTION
========================================================================
Model       : SpeechBrain — X-Vector
Condition   : noise_cafe_10db
Rows        : 186
Resume from : 0
Output      : C:\Users\addld\Desktop\speaker_identification_01\research_results\robustness_embeddings\librispeech_dev_clean_chapter_heldout_balanced_subset__90bb68c4fbc1\speechbrain_xvector\noise_cafe_10db\full
========================================================================
Loading SpeechBrain — X-Vector on cpu...
SpeechBrain — X-Vector loaded successfully.

========================================================================
ROBUSTNESS EXTRACTION COMPLETED
========================================================================
Successful : 186
Failed     : 0
Coverage   : 100.00%
Dimension  : 512
Artifacts  : C:\Users\addld\Desktop\speaker_identification_01\research_results\robustness_embeddings\librispeech_dev_clean_chapter_heldout_balanced_subset__90bb68c4fbc1\speechbrain_xvector\noise_cafe_10db\full
========================================================================

========================================================================
ROBUSTNESS EMBEDDING EXTRACTION
========================================================================
Model       : SpeechBrain — X-Vector
Condition   : noise_rain_10db
Rows        : 186
Resume from : 0
Output      : C:\Users\addld\Desktop\speaker_identification_01\research_results\robustness_embeddings\librispeech_dev_clean_chapter_heldout_balanced_subset__90bb68c4fbc1\speechbrain_xvector\noise_rain_10db\full
========================================================================
Loading SpeechBrain — X-Vector on cpu...
SpeechBrain — X-Vector loaded successfully.

========================================================================
ROBUSTNESS EXTRACTION COMPLETED
========================================================================
Successful : 186
Failed     : 0
Coverage   : 100.00%
Dimension  : 512
Artifacts  : C:\Users\addld\Desktop\speaker_identification_01\research_results\robustness_embeddings\librispeech_dev_clean_chapter_heldout_balanced_subset__90bb68c4fbc1\speechbrain_xvector\noise_rain_10db\full
========================================================================

========================================================================
ROBUSTNESS EMBEDDING EXTRACTION
========================================================================
Model       : SpeechBrain — X-Vector
Condition   : noise_fan_10db
Rows        : 186
Resume from : 0
Output      : C:\Users\addld\Desktop\speaker_identification_01\research_results\robustness_embeddings\librispeech_dev_clean_chapter_heldout_balanced_subset__90bb68c4fbc1\speechbrain_xvector\noise_fan_10db\full
========================================================================
Loading SpeechBrain — X-Vector on cpu...
SpeechBrain — X-Vector loaded successfully.

========================================================================
ROBUSTNESS EXTRACTION COMPLETED
========================================================================
Successful : 186
Failed     : 0
Coverage   : 100.00%
Dimension  : 512
Artifacts  : C:\Users\addld\Desktop\speaker_identification_01\research_results\robustness_embeddings\librispeech_dev_clean_chapter_heldout_balanced_subset__90bb68c4fbc1\speechbrain_xvector\noise_fan_10db\full
========================================================================

========================================================================
ROBUSTNESS EMBEDDING EXTRACTION
========================================================================
Model       : SpeechBrain — X-Vector
Condition   : noise_street_10db
Rows        : 186
Resume from : 0
Output      : C:\Users\addld\Desktop\speaker_identification_01\research_results\robustness_embeddings\librispeech_dev_clean_chapter_heldout_balanced_subset__90bb68c4fbc1\speechbrain_xvector\noise_street_10db\full
========================================================================
Loading SpeechBrain — X-Vector on cpu...
SpeechBrain — X-Vector loaded successfully.

========================================================================
ROBUSTNESS EXTRACTION COMPLETED
========================================================================
Successful : 186
Failed     : 0
Coverage   : 100.00%
Dimension  : 512
Artifacts  : C:\Users\addld\Desktop\speaker_identification_01\research_results\robustness_embeddings\librispeech_dev_clean_chapter_heldout_balanced_subset__90bb68c4fbc1\speechbrain_xvector\noise_street_10db\full
========================================================================

========================================================================
ROBUSTNESS EMBEDDING EXTRACTION
========================================================================
Model       : SpeechBrain — X-Vector
Condition   : sample_rate_8k
Rows        : 186
Resume from : 0
Output      : C:\Users\addld\Desktop\speaker_identification_01\research_results\robustness_embeddings\librispeech_dev_clean_chapter_heldout_balanced_subset__90bb68c4fbc1\speechbrain_xvector\sample_rate_8k\full
========================================================================
Loading SpeechBrain — X-Vector on cpu...
SpeechBrain — X-Vector loaded successfully.

========================================================================
ROBUSTNESS EXTRACTION COMPLETED
========================================================================
Successful : 186
Failed     : 0
Coverage   : 100.00%
Dimension  : 512
Artifacts  : C:\Users\addld\Desktop\speaker_identification_01\research_results\robustness_embeddings\librispeech_dev_clean_chapter_heldout_balanced_subset__90bb68c4fbc1\speechbrain_xvector\sample_rate_8k\full
========================================================================

========================================================================
ROBUSTNESS EMBEDDING EXTRACTION
========================================================================
Model       : SpeechBrain — X-Vector
Condition   : sample_rate_16k
Rows        : 186
Resume from : 0
Output      : C:\Users\addld\Desktop\speaker_identification_01\research_results\robustness_embeddings\librispeech_dev_clean_chapter_heldout_balanced_subset__90bb68c4fbc1\speechbrain_xvector\sample_rate_16k\full
========================================================================
Loading SpeechBrain — X-Vector on cpu...
SpeechBrain — X-Vector loaded successfully.

========================================================================
ROBUSTNESS EXTRACTION COMPLETED
========================================================================
Successful : 186
Failed     : 0
Coverage   : 100.00%
Dimension  : 512
Artifacts  : C:\Users\addld\Desktop\speaker_identification_01\research_results\robustness_embeddings\librispeech_dev_clean_chapter_heldout_balanced_subset__90bb68c4fbc1\speechbrain_xvector\sample_rate_16k\full
========================================================================

========================================================================
ROBUSTNESS EMBEDDING EXTRACTION
========================================================================
Model       : SpeechBrain — X-Vector
Condition   : sample_rate_22k05
Rows        : 186
Resume from : 0
Output      : C:\Users\addld\Desktop\speaker_identification_01\research_results\robustness_embeddings\librispeech_dev_clean_chapter_heldout_balanced_subset__90bb68c4fbc1\speechbrain_xvector\sample_rate_22k05\full
========================================================================
Loading SpeechBrain — X-Vector on cpu...
SpeechBrain — X-Vector loaded successfully.

========================================================================
ROBUSTNESS EXTRACTION COMPLETED
========================================================================
Successful : 186
Failed     : 0
Coverage   : 100.00%
Dimension  : 512
Artifacts  : C:\Users\addld\Desktop\speaker_identification_01\research_results\robustness_embeddings\librispeech_dev_clean_chapter_heldout_balanced_subset__90bb68c4fbc1\speechbrain_xvector\sample_rate_22k05\full
========================================================================
